03-16 11:08:35.212  1097  1167 V WindowManagerShell:  Checking filter Pair{{types=[] flags=0x0] notFlags=0x0 checks=[{atype=dream independent=true modes=[OPEN,TO_FRONT] flags=NONE mustBeTask=false order=ANY topActivity=null launchCookie=null windowingMode=undefined isCrossDisplayMove=false},{atype=home independent=true modes=[CLOSE,TO_BACK] flags=NONE mustBeTask=false order=ANY topActivity=null launchCookie=null windowingMode=undefined isCrossDisplayMove=false}]} RemoteTransition { remoteTransition = android.window.IRemoteTransition$Stub$Proxy@c8bfa86, appThread = android.app.IApplicationThread$Stub$Proxy@792af47, debugName = LauncherToDream }}
03-16 11:08:35.213  1097  1167 V WindowManagerShell:  Checking filter Pair{{types=[] flags=0x0] notFlags=0x100 checks=[{atype=home independent=true modes=[OPEN,TO_FRONT] flags=NONE mustBeTask=false order=TOP topActivity=ComponentInfo{com.google.android.apps.nexuslauncher/com.google.android.apps.nexuslauncher.NexusLauncherActivity} launchCookie=null windowingMode=undefined isCrossDisplayMove=false},{atype=standard independent=true modes=[CLOSE,TO_BACK] flags=NONE mustBeTask=false order=ANY topActivity=null launchCookie=null windowingMode=undefined isCrossDisplayMove=false},{NOT atype=undefined independent=true modes=[] flags=NONE mustBeTask=true order=ANY topActivity=null launchCookie=null customAnim=true windowingMode=undefined isCrossDisplayMove=false}]} RemoteTransition { remoteTransition = android.window.IRemoteTransition$Stub$Proxy@2c67374, appThread = android.app.IApplicationThread$Stub$Proxy@564b09d, debugName = QuickstepLaunchHome }}
03-16 11:08:35.214  1691  1966 I AiAiEcho: Predicting[0]:  [CONTEXT sampling_count=5 ]
03-16 11:08:35.214  1691  1966 I AiAiEcho: EchoTargets: 
03-16 11:08:35.214  1691  1966 I AiAiEcho: Filtered by AiAi flag check: 
03-16 11:08:35.214  1691  1966 I AiAiEcho: [CONTEXT ratelimit_period="10 SECONDS" ]
03-16 11:08:35.215  1691  1966 I AiAiEcho: #remoteViewsTwiddler: feature disabled.
03-16 11:08:35.214  1097  1167 D RemoteTransitionHandler: Found filterPair{{types=[] flags=0x0] notFlags=0x100 checks=[{atype=home independent=true modes=[OPEN,TO_FRONT] flags=NONE mustBeTask=false order=TOP topActivity=ComponentInfo{com.google.android.apps.nexuslauncher/com.google.android.apps.nexuslauncher.NexusLauncherActivity} launchCookie=null windowingMode=undefined isCrossDisplayMove=false},{atype=standard independent=true modes=[CLOSE,TO_BACK] flags=NONE mustBeTask=false order=ANY topActivity=null launchCookie=null windowingMode=undefined isCrossDisplayMove=false},{NOT atype=undefined independent=true modes=[] flags=NONE mustBeTask=true order=ANY topActivity=null launchCookie=null customAnim=true windowingMode=undefined isCrossDisplayMove=false}]} RemoteTransition { remoteTransition = android.window.IRemoteTransition$Stub$Proxy@2c67374, appThread = android.app.IApplicationThread$Stub$Proxy@564b09d, debugName = QuickstepLaunchHome }}
03-16 11:08:35.215  1097  1167 V WindowManagerShell:  Delegate animation for (#64) to RemoteTransition { remoteTransition = android.window.IRemoteTransition$Stub$Proxy@2c67374, appThread = android.app.IApplicationThread$Stub$Proxy@564b09d, debugName = QuickstepLaunchHome }
03-16 11:08:35.218  1691  1966 I AiAiEcho: #postPredictionTargets: Sending updates to UISurface home with targets# 0 (types=[])
03-16 11:08:35.223  1272  1272 D LauncherStateManager: StateManager.cancelAnimation: animation ongoing: false, partial trace:
03-16 11:08:35.223  1272  1272 D LauncherStateManager: 	at com.android.launcher3.statemanager.StateManager.setCurrentAnimation(go/retraceme 7101499b44b219b757f6885b35ae099b24fc769225595efcaaacae5b0f94500b:18)
03-16 11:08:35.223  1272  1272 D LauncherStateManager: 	at com.android.launcher3.QuickstepTransitionManager.createWallpaperOpenAnimations(go/retraceme 7101499b44b219b757f6885b35ae099b24fc769225595efcaaacae5b0f94500b:646)
03-16 11:08:35.223  1272  1272 D LauncherStateManager: 	at com.android.launcher3.QuickstepTransitionManager$WallpaperOpenLauncherAnimationRunner.onAnimationStart(go/retraceme 7101499b44b219b757f6885b35ae099b24fc769225595efcaaacae5b0f94500b:96)
03-16 11:08:35.224  1272  1272 D b/311077782: LauncherAnimationRunner.setAnimation
03-16 11:08:35.246   825   854 V WindowManager: Sent Transition (#64) createdAt=03-16 11:08:35.020 via request=TransitionRequestInfo { type = CLOSE, triggerTask = TaskInfo{userId=0 taskId=20 effectiveUid=10222 displayId=0 isRunning=true baseIntent=Intent { flg=0x10000000 cmp=com.example.af7/.MainActivity } baseActivity=ComponentInfo{com.example.af7/com.example.af7.MainActivity} topActivity=ComponentInfo{com.example.af7/com.example.af7.MainActivity} origActivity=null realActivity=ComponentInfo{com.example.af7/com.example.af7.MainActivity} numActivities=1 lastActiveTime=5395765 supportsMultiWindow=true resizeMode=1 isResizeable=true minWidth=-1 minHeight=-1 defaultMinSize=220 token=WCT{RemoteToken{f17f31c Task{9373ab5 #20 type=standard A=10222:com.example.af7}}} topActivityType=1 pictureInPictureParams=null shouldDockBigOverlays=false launchIntoPipHostTaskId=-1 lastParentTaskIdBeforePip=-1 displayCutoutSafeInsets=Rect(0, 0 - 0, 0) topActivityInfo=ActivityInfo{ced3b25 com.example.af7.MainActivity} launchCookies=[] positionInParent=Point(0, 0) parentTaskId=-1 isFocused=true isVisible=true isVisibleRequested=true isTopActivityNoDisplay=false isSleeping=false locusId=null displayAreaFeatureId=1 isTopActivityTransparent=false isActivityStackTransparent=false lastNonFullscreenBounds=null capturedLink=null capturedLinkTimestamp=0 requestedVisibleTypes=503 topActivityRequestOpenInBrowserEducationTimestamp=0 appCompatTaskInfo=AppCompatTaskInfo { topActivityInSizeCompat=false isLeafTask= true eligibleForLetterboxEducation= false isLetterboxEducationEnabled= true isLetterboxDoubleTapEnabled= false eligibleForUserAspectRatioButton= false topActivityBoundsLetterboxed= false isFromLetterboxDoubleTap= false topActivityLetterboxVerticalPosition= -1 topActivityLetterboxHorizontalPosition= -1 topActivityLetterboxWidth=-1 topActivityLetterboxHeight=-1 topActivityAppBounds=Rect(0, 0 - 1080, 2400) isUserFullscreenOverrideEnabled=false isSystemFullscreenOverrideEnabled=false hasMinAspectRatioOverride=false topActivityLetterboxBounds=null cameraCompatTaskInfo=CameraCompatTaskInfo { cameraCompatMode=inactive0} topNonResizableActivityAspectRatio=-1.0} topActivityMainWindowFrame=null isAppBubble=false}, pipChange = null, remoteTransition = null, displayChange = null, requestedLocation = null, userChange = null, windowingLayerChange = null, flags = 16, debugId = 64 }
03-16 11:08:35.246   825   854 V WindowManager:     startWCT=WindowContainerTransaction { changes= {} hops= [] errorCallbackToken=null taskFragmentOrganizer=null }
03-16 11:08:35.248  1272  1272 D SsBaseTemplateCard: Passed-in item info is null
03-16 11:08:35.248  1272  1272 D SsBaseTemplateCard: Passed-in item info is null
03-16 11:08:35.248  1272  1272 D SsBaseTemplateCard: Passed-in item info is null
03-16 11:08:35.248  1272  1272 D SsBaseTemplateCard: Passed-in item info is null
03-16 11:08:35.248  1272  1272 I SsBaseTemplateCard: Secondary card pane is null
03-16 11:08:35.249  1097  1167 V WindowManagerShell:  animated by com.android.wm.shell.transition.RemoteTransitionHandler@c6768be
03-16 11:08:35.249   825   854 V WindowManager:     info={id=64 t=CLOSE f=0x10 trk=0 r=[0@Point(0, 0)] c=[
03-16 11:08:35.249   825   854 V WindowManager:         {WCT{RemoteToken{c6e9fa4 Task{27e46a5 #1 type=home}}} m=TO_FRONT f=SHOW_WALLPAPER|MOVE_TO_TOP leash=Surface(name=Task=1#44)/@0xa5e3c3c sb=Rect(0, 0 - 1080, 2400) eb=Rect(0, 0 - 1080, 2400) epz=Point(1080, 2400) d=0 taskParent=-1 winMode=1 userId=0},
03-16 11:08:35.249   825   854 V WindowManager:         {WCT{RemoteToken{f17f31c Task{9373ab5 #20 type=standard A=10222:com.example.af7}}} m=CLOSE f=NONE leash=Surface(name=Task=20#640)/@0x35b43a2 sb=Rect(0, 0 - 1080, 2400) eb=Rect(0, 0 - 1080, 2400) epz=Point(1080, 2400) d=0 taskParent=-1 winMode=1 userId=0},
03-16 11:08:35.249   825   854 V WindowManager:         {m=TO_FRONT f=IS_WALLPAPER leash=Surface(name=WallpaperWindowToken{533e016}#58)/@0x871940e sb=Rect(0, 0 - 1080, 2400) eb=Rect(0, 0 - 1080, 2400) epz=Point(1080, 2400) d=0}
03-16 11:08:35.249   825   854 V WindowManager:     ]}
03-16 11:08:35.249  1097  1167 D Bubbles : onLocusVisibilityChanged=Overview|DISABLED visible=true taskId=1
03-16 11:08:35.249  1272  1380 E FrameEvents: addRelease: Did not find frame.
03-16 11:08:35.253   703  2347 W libbinder.IPCThreadState: Sending oneway calls to frozen process.
03-16 11:08:35.253   703  2347 W libbinder.IPCThreadState: Sending oneway calls to frozen process.
03-16 11:08:35.253   703  2347 W libbinder.IPCThreadState: Sending oneway calls to frozen process.
03-16 11:08:35.253   703  2347 W libbinder.IPCThreadState: Sending oneway calls to frozen process.
03-16 11:08:35.253   703  2347 W libbinder.IPCThreadState: Sending oneway calls to frozen process.
03-16 11:08:35.259  1272  1272 D BaseActivity: Launcher flags updated: [state_started|state_resumed|state_deferred_resumed|state_window_focused|state_user_active] +[state_window_focused]
03-16 11:08:35.261   825   960 I ImeTracker: com.google.android.apps.nexuslauncher:4ee8badd: onRequestHide at ORIGIN_SERVER reason HIDE_SAME_WINDOW_FOCUSED_WITHOUT_EDITOR fromUser false
03-16 11:08:35.262  1272  1272 D InsetsController: hide(ime())
03-16 11:08:35.266  1272  1272 I ImeTracker: com.google.android.apps.nexuslauncher:4ee8badd: onCancelled at PHASE_CLIENT_ALREADY_HIDDEN
03-16 11:08:35.316  1541  1541 I GoogleInputMethodService: GoogleInputMethodService.onFinishInput():2057 
03-16 11:08:35.340  1541  1541 I Module  : DeviceLockedStatusModuleProvider$Module.updateDeviceLockedStatus():100 repeatCheckTimes = 0, locked = false
03-16 11:08:35.360  1541  1541 I GoogleInputMethodService: GoogleInputMethodService.onStartInput():1318 onStartInput(EditorInfo{EditorInfo{packageName=com.google.android.apps.nexuslauncher, inputType=0, inputTypeString=NULL, enableLearning=false, autoCorrection=false, autoComplete=false, imeOptions=0, privateImeOptions=null, actionName=UNSPECIFIED, actionLabel=null, initialSelStart=-1, initialSelEnd=-1, initialCapsMode=0, label=null, fieldId=0, fieldName=null, extras=null, hintText=null, hintLocales=[]}}, false)
03-16 11:08:35.385  1541  1541 I Module  : DeviceLockedStatusModuleProvider$Module.updateDeviceLockedStatus():100 repeatCheckTimes = 1, locked = false
03-16 11:08:35.399   825  1931 W PackageConfigPersister: App-specific configuration not found for packageName: com.google.android.apps.nexuslauncher and userId: 0
03-16 11:08:35.528   825   857 W ActivityTaskManager: Activity top resumed state loss timeout for ActivityRecord{83031788 u0 com.example.af7/.MainActivity t20 f} isExiting}
03-16 11:08:35.552  1097  1235 V WindowManagerShell: Received remote transition finished callback for (#64)
03-16 11:08:35.554  1097  1167 V WindowManagerShell: Transition animation finished (aborted=false), notifying core (#64) android.os.BinderProxy@9b1c692@0
03-16 11:08:35.558   825   854 V WindowManager: Finish Transition (#64): created at 03-16 11:08:35.020 collect-started=0.085ms request-sent=0.272ms started=6.89ms ready=187.558ms sent=189.266ms commit=35.633ms finished=537.394ms
03-16 11:08:35.560  1097  1167 V WindowManagerShell: Track 0 became idle
03-16 11:08:35.560  1097  1167 V WindowManagerShell: All active transition animations finished
03-16 11:08:35.562  1272  1272 D RecentsView: onTaskRemoved: 20, not handling task stack changes
03-16 11:08:35.563  1272  1272 D RecentsView: onTaskRemoved: 20, not handling task stack changes
03-16 11:08:35.570   825  1070 W ImageReader_JNI: Unable to acquire a buffer item, very likely client tried to acquire more than maxImages buffers
03-16 11:08:35.572  1097  1167 V ShellTaskOrganizer: Task vanished taskId=20
03-16 11:08:35.572  1097  1167 V ShellTaskOrganizer: Fullscreen Task Vanished: #20
03-16 11:08:35.572  1097  1167 D ShellDesktopMode: AppToWebRepository: Task 20 is vanishing. Removing task data from repository
03-16 11:08:35.573  1272  1272 D b/417220811: invalidateLoadedTasks - previous requestLoadId: -1
