--------- beginning of system
03-16 11:08:32.863   825   913 W ActivityTaskManager: callingPackage for (uid=2000, pid=11080) has no WPC
03-16 11:08:32.873   825   913 V WindowManager: DesktopModeLaunchParamsModifier: phase= 0 task=null activity=null display-area-from-current-params=null display-area-from-default-fallback=DefaultTaskDisplayArea@215635800 display-id=0 task-display-area-windowing-mode=1 suggested-display-area=DefaultTaskDisplayArea@215635800 task null, skipping
03-16 11:08:32.873   825   913 V WindowManager: TaskLaunchParamsModifier:phase=0 task=null activity=null display-area-from-current-params=null display-area-from-default-fallback=DefaultTaskDisplayArea@215635800 display-id=0 task-display-area-windowing-mode=1 suggested-display-area=DefaultTaskDisplayArea@215635800
--------- beginning of main
03-16 11:08:32.891   825   913 V GrammaticalInflectionUtils: AttributionSource: android.content.AttributionSource@f6443710 does not have READ_SYSTEM_GRAMMATICAL_GENDER permission.
03-16 11:08:32.895   825   913 V WindowManager: DesktopModeLaunchParamsModifier: phase= 0 task=null activity=ActivityRecord{83031788 u0 com.example.af7/.MainActivity display-area-from-current-params=null display-area-from-default-fallback=DefaultTaskDisplayArea@215635800 display-id=0 task-display-area-windowing-mode=1 suggested-display-area=DefaultTaskDisplayArea@215635800 task null, skipping
03-16 11:08:32.895   825   913 V WindowManager: TaskLaunchParamsModifier:phase=0 task=null activity=ActivityRecord{83031788 u0 com.example.af7/.MainActivity t-1} display-area-from-current-params=null display-area-from-default-fallback=DefaultTaskDisplayArea@215635800 display-id=0 task-display-area-windowing-mode=1 suggested-display-area=DefaultTaskDisplayArea@215635800
03-16 11:08:32.895   825   913 V WindowManager: DesktopModeLaunchParamsModifier: phase= 3 task=null activity=ActivityRecord{83031788 u0 com.example.af7/.MainActivity t-1} display-area-from-current-params=null display-area-from-default-fallback=DefaultTaskDisplayArea@215635800 display-id=0 task-display-area-windowing-mode=1 suggested-display-area=DefaultTaskDisplayArea@215635800 task null, skipping
03-16 11:08:32.895   825   913 V WindowManager: TaskLaunchParamsModifier:phase=3 task=null activity=ActivityRecord{83031788 u0 com.example.af7/.MainActivity t-1} display-area-from-current-params=null display-area-from-default-fallback=DefaultTaskDisplayArea@215635800 display-id=0 task-display-area-windowing-mode=1 suggested-display-area=DefaultTaskDisplayArea@215635800 non-freeform-task-display-area display-area=DefaultTaskDisplayArea@215635800 skip-bounds-fullscreen
03-16 11:08:32.910   825   913 V WindowManager: DesktopModeLaunchParamsModifier: phase= 3 task=Task{9373ab5 #20 type=standard A=10222:com.example.af7} activity=ActivityRecord{83031788 u0 com.example.af7/.MainActivity t-1} display-from-task=0 display-id=0 task-display-area-windowing-mode=1 suggested-display-area=DefaultTaskDisplayArea@215635800 not entering desktop mode, skipping
03-16 11:08:32.910   825   913 V WindowManager: TaskLaunchParamsModifier:phase=3 task=Task{9373ab5 #20 type=standard A=10222:com.example.af7} activity=ActivityRecord{83031788 u0 com.example.af7/.MainActivity t-1} display-from-task=0 display-id=0 task-display-area-windowing-mode=1 suggested-display-area=DefaultTaskDisplayArea@215635800 inherit-from-task=fullscreen non-freeform-task-display-area display-area=DefaultTaskDisplayArea@215635800 skip-bounds-fullscreen
03-16 11:08:32.915   657  1363 I libbinder.BpBinder: onLastStrongRef automatically unlinking death recipients for descriptor: '(not cached)'
03-16 11:08:32.930   825   913 I ActivityTaskManager: START u0 {flg=0x10000000 xflg=0x5 cmp=com.example.af7/.MainActivity} with LAUNCH_MULTIPLE from uid 2000 (com.android.shell) (BAL_ALLOW_PERMISSION) result code=0
03-16 11:08:32.931  1272  1272 D RecentsView: onTaskDisplayChanged: 20, new displayId = 0
03-16 11:08:32.936   825   857 V GrammaticalInflectionUtils: AttributionSource: android.content.AttributionSource@f6443710 does not have READ_SYSTEM_GRAMMATICAL_GENDER permission.
03-16 11:08:32.942   825   913 D CompatChangeReporter: Compat change id reported: 377864165; UID 10222; state: ENABLED
03-16 11:08:32.942  1097  1167 V WindowManagerShell: Transition requested (#63): android.os.BinderProxy@712bce TransitionRequestInfo { type = OPEN, triggerTask = TaskInfo{userId=0 taskId=20 effectiveUid=10222 displayId=0 isRunning=true baseIntent=Intent { flg=0x10000000 cmp=com.example.af7/.MainActivity } baseActivity=ComponentInfo{com.example.af7/com.example.af7.MainActivity} topActivity=ComponentInfo{com.example.af7/com.example.af7.MainActivity} origActivity=null realActivity=ComponentInfo{com.example.af7/com.example.af7.MainActivity} numActivities=1 lastActiveTime=5394808 supportsMultiWindow=true resizeMode=1 isResizeable=true minWidth=-1 minHeight=-1 defaultMinSize=220 token=WCT{android.os.BinderProxy@adc9aef} topActivityType=1 pictureInPictureParams=null shouldDockBigOverlays=false launchIntoPipHostTaskId=-1 lastParentTaskIdBeforePip=-1 displayCutoutSafeInsets=Rect(0, 0 - 0, 0) topActivityInfo=ActivityInfo{afcf9fc com.example.af7.MainActivity} launchCookies=[] positionInParent=Point(0, 0) parentTaskId=-1 isFocused=false isVisible=false isVisibleRequested=false isTopActivityNoDisplay=false isSleeping=false locusId=null displayAreaFeatureId=1 isTopActivityTransparent=false isActivityStackTransparent=false lastNonFullscreenBounds=null capturedLink=null capturedLinkTimestamp=0 requestedVisibleTypes=503 topActivityRequestOpenInBrowserEducationTimestamp=0 appCompatTaskInfo=AppCompatTaskInfo { topActivityInSizeCompat=false isLeafTask= true eligibleForLetterboxEducation= false isLetterboxEducationEnabled= true isLetterboxDoubleTapEnabled= false eligibleForUserAspectRatioButton= false topActivityBoundsLetterboxed= false isFromLetterboxDoubleTap= false topActivityLetterboxVerticalPosition= -1 topActivityLetterboxHorizontalPosition= -1 topActivityLetterboxWidth=-1 topActivityLetterboxHeight=-1 topActivityAppBounds=Rect(0, 0 - 1080, 2400) isUserFullscreenOverrideEnabled=false isSystemFullscreenOverrideEnabled=false hasMinAspectRatioOverride=false topActivityLetterboxBounds=null cameraCompatTaskInfo=CameraCompatTaskInfo { cameraCompatMode=inactive0} topNonResizableActivityAspectRatio=-1.0} topActivityMainWindowFrame=null isAppBubble=false}, pipChange = null, remoteTransition = null, displayChange = null, requestedLocation = null, userChange = null, windowingLayerChange = null, flags = 0, debugId = 63 }
03-16 11:08:32.942  1272  1272 D BaseActivity: Launcher flags updated: [state_started|state_resumed|state_deferred_resumed|state_window_focused] -[state_user_active]
03-16 11:08:32.942  1097  1167 D ShellSplitScreen: logExit: no-op, mLoggerSessionId is null
03-16 11:08:32.950  1272  1272 D BaseActivity: Launcher flags updated: [state_started|state_window_focused] -[state_resumed|state_deferred_resumed]
03-16 11:08:32.955  1097  1167 D WindowManagerShell: setLauncherKeepClearAreaHeight: visible=false, height=495
03-16 11:08:32.958  1272  1272 W SplitSelectStateCtor: Missing session instanceIds
03-16 11:08:32.958  1272  1272 D StatsLog: LAUNCHER_SPLIT_SELECTION_EXIT_INTERRUPTED
03-16 11:08:32.959   581   581 D Zygote  : Forked child process 11084
03-16 11:08:32.961   825  1049 D BackgroundInstallControlService: Package event received: 0
03-16 11:08:32.962   825   867 I ActivityManager: Start proc 11084:com.example.af7/u0a222 for next-top-activity {com.example.af7/com.example.af7.MainActivity}
03-16 11:08:32.962   703   799 W libbinder.IPCThreadState: Sending oneway calls to frozen process.
03-16 11:08:32.962   703   799 W libbinder.IPCThreadState: Sending oneway calls to frozen process.
03-16 11:08:32.962   703   799 W libbinder.IPCThreadState: Sending oneway calls to frozen process.
03-16 11:08:32.962   703   799 W libbinder.IPCThreadState: Sending oneway calls to frozen process.
03-16 11:08:32.962   703   799 W libbinder.IPCThreadState: Sending oneway calls to frozen process.
03-16 11:08:32.975   825  2014 V WindowManager: Defer transition id=63 for TaskFragmentTransaction=android.os.Binder@f6dcd31
03-16 11:08:32.975   825  2014 V WindowManager: deferTransitionReady deferReadyDepth=1 stack=com.android.server.wm.TransitionController.deferTransitionReady:1061 com.android.server.wm.TaskFragmentOrganizerController$TaskFragmentOrganizerState.dispatchTransaction:517 com.android.server.wm.TaskFragmentOrganizerController.dispatchPendingEvents:1259 com.android.server.wm.TaskFragmentOrganizerController.dispatchPendingEvents:1228 com.android.server.wm.RootWindowContainer.performSurfacePlacement:777 
03-16 11:08:32.976  1272  1272 D b/417220811: invalidateLoadedTasks - previous requestLoadId: -1
03-16 11:08:32.979  1272  1272 D b/417220811: invalidateLoadedTasks - previous requestLoadId: -1
03-16 11:08:32.990   825  2014 V WindowManager: Continue transition id=63 for TaskFragmentTransaction=android.os.Binder@f6dcd31
03-16 11:08:33.001   825  2014 V WindowManager: continueTransitionReady deferReadyDepth=0 stack=com.android.server.wm.TransitionController.continueTransitionReady:1071 com.android.server.wm.TaskFragmentOrganizerController$TaskFragmentOrganizerState.onTransactionFinished:546 com.android.server.wm.TaskFragmentOrganizerController.onTransactionHandled:740 android.window.ITaskFragmentOrganizerController$Stub.onTransact:225 android.os.Binder.execTransactInternal:1473 
03-16 11:08:33.022  1272  1272 D BaseActivity: Launcher flags updated: [state_started] -[state_window_focused]
03-16 11:08:33.080 11084 11084 I Zygote  : Process 11084 created for com.example.af7
03-16 11:08:33.080 11084 11084 I com.example.af7: Late-enabling -Xcheck:jni
03-16 11:08:33.133  1272  1272 D b/417220811: invalidateLoadedTasks - previous requestLoadId: -1
03-16 11:08:33.140  1097  1112 V WindowManagerShell: onTransitionReady(transaction=3543348025065)
03-16 11:08:33.142  1097  1167 V WindowManagerShell: onTransitionReady (#63) android.os.BinderProxy@712bce: {id=63 t=OPEN f=0x0 trk=0 r=[0@Point(0, 0)] c=[
03-16 11:08:33.142  1097  1167 V WindowManagerShell:         {m=OPEN f=NONE leash=Surface(name=Task=20#640)/@0xe2b60e2 sb=Rect(0, 0 - 1080, 2400) eb=Rect(0, 0 - 1080, 2400) epz=Point(1080, 2400) d=0 taskParent=-1 winMode=1 userId=0},
03-16 11:08:33.142  1097  1167 V WindowManagerShell:         {m=TO_BACK f=SHOW_WALLPAPER leash=Surface(name=Task=1#44)/@0xc94c73 sb=Rect(0, 0 - 1080, 2400) eb=Rect(0, 0 - 1080, 2400) epz=Point(1080, 2400) d=0 taskParent=-1 winMode=1 userId=0},
03-16 11:08:33.142  1097  1167 V WindowManagerShell:         {m=TO_BACK f=IS_WALLPAPER leash=Surface(name=WallpaperWindowToken{533e016}#58)/@0xef2c730 sb=Rect(0, 0 - 1080, 2400) eb=Rect(0, 0 - 1080, 2400) epz=Point(1080, 2400) d=0}
03-16 11:08:33.142  1097  1167 V WindowManagerShell:     ]}
03-16 11:08:33.154   825   854 V WindowManager: Sent Transition (#63) createdAt=03-16 11:08:32.892 via request=TransitionRequestInfo { type = OPEN, triggerTask = TaskInfo{userId=0 taskId=20 effectiveUid=10222 displayId=0 isRunning=true baseIntent=Intent { flg=0x10000000 cmp=com.example.af7/.MainActivity } baseActivity=ComponentInfo{com.example.af7/com.example.af7.MainActivity} topActivity=ComponentInfo{com.example.af7/com.example.af7.MainActivity} origActivity=null realActivity=ComponentInfo{com.example.af7/com.example.af7.MainActivity} numActivities=1 lastActiveTime=5394808 supportsMultiWindow=true resizeMode=1 isResizeable=true minWidth=-1 minHeight=-1 defaultMinSize=220 token=WCT{RemoteToken{f17f31c Task{9373ab5 #20 type=standard A=10222:com.example.af7}}} topActivityType=1 pictureInPictureParams=null shouldDockBigOverlays=false launchIntoPipHostTaskId=-1 lastParentTaskIdBeforePip=-1 displayCutoutSafeInsets=Rect(0, 0 - 0, 0) topActivityInfo=ActivityInfo{ced3b25 com.example.af7.MainActivity} launchCookies=[] positionInParent=Point(0, 0) parentTaskId=-1 isFocused=false isVisible=false isVisibleRequested=false isTopActivityNoDisplay=false isSleeping=false locusId=null displayAreaFeatureId=1 isTopActivityTransparent=false isActivityStackTransparent=false lastNonFullscreenBounds=null capturedLink=null capturedLinkTimestamp=0 requestedVisibleTypes=503 topActivityRequestOpenInBrowserEducationTimestamp=0 appCompatTaskInfo=AppCompatTaskInfo { topActivityInSizeCompat=false isLeafTask= true eligibleForLetterboxEducation= false isLetterboxEducationEnabled= true isLetterboxDoubleTapEnabled= false eligibleForUserAspectRatioButton= false topActivityBoundsLetterboxed= false isFromLetterboxDoubleTap= false topActivityLetterboxVerticalPosition= -1 topActivityLetterboxHorizontalPosition= -1 topActivityLetterboxWidth=-1 topActivityLetterboxHeight=-1 topActivityAppBounds=Rect(0, 0 - 1080, 2400) isUserFullscreenOverrideEnabled=false isSystemFullscreenOverrideEnabled=false hasMinAspectRatioOverride=false topActivityLetterboxBounds=null cameraCompatTaskInfo=CameraCompatTaskInfo { cameraCompatMode=inactive0} topNonResizableActivityAspectRatio=-1.0} topActivityMainWindowFrame=null isAppBubble=false}, pipChange = null, remoteTransition = null, displayChange = null, requestedLocation = null, userChange = null, windowingLayerChange = null, flags = 0, debugId = 63 }
03-16 11:08:33.155   825   854 V WindowManager:     startWCT=WindowContainerTransaction { changes= {} hops= [] errorCallbackToken=null taskFragmentOrganizer=null }
03-16 11:08:33.155   825   854 V WindowManager:     info={id=63 t=OPEN f=0x0 trk=0 r=[0@Point(0, 0)] c=[
03-16 11:08:33.155   825   854 V WindowManager:         {WCT{RemoteToken{f17f31c Task{9373ab5 #20 type=standard A=10222:com.example.af7}}} m=OPEN f=NONE leash=Surface(name=Task=20#640)/@0x35b43a2 sb=Rect(0, 0 - 1080, 2400) eb=Rect(0, 0 - 1080, 2400) epz=Point(1080, 2400) d=0 taskParent=-1 winMode=1 userId=0},
03-16 11:08:33.155   825   854 V WindowManager:         {WCT{RemoteToken{c6e9fa4 Task{27e46a5 #1 type=home}}} m=TO_BACK f=SHOW_WALLPAPER leash=Surface(name=Task=1#44)/@0xa5e3c3c sb=Rect(0, 0 - 1080, 2400) eb=Rect(0, 0 - 1080, 2400) epz=Point(1080, 2400) d=0 taskParent=-1 winMode=1 userId=0},
03-16 11:08:33.155   825   854 V WindowManager:         {m=TO_BACK f=IS_WALLPAPER leash=Surface(name=WallpaperWindowToken{533e016}#58)/@0x871940e sb=Rect(0, 0 - 1080, 2400) eb=Rect(0, 0 - 1080, 2400) epz=Point(1080, 2400) d=0}
03-16 11:08:33.155   825   854 V WindowManager:     ]}
03-16 11:08:33.155  1097  1167 V WindowManagerShell: Playing animation for (#63) android.os.BinderProxy@712bce@0
03-16 11:08:33.155  1097  1167 V ShellRecents: RecentsTransitionHandler.startAnimation: no controller found
03-16 11:08:33.155  1097  1167 V WindowManagerShell: Transition doesn't have explicit remote, search filters for match for {id=63 t=OPEN f=0x0 trk=0 r=[0@Point(0, 0)] c=[{m=OPEN f=NONE leash=Surface(name=Task=20#640)/@0xe2b60e2 sb=Rect(0, 0 - 1080, 2400) eb=Rect(0, 0 - 1080, 2400) epz=Point(1080, 2400) d=0 taskParent=-1 winMode=1 userId=0},{m=TO_BACK f=SHOW_WALLPAPER leash=Surface(name=Task=1#44)/@0xc94c73 sb=Rect(0, 0 - 1080, 2400) eb=Rect(0, 0 - 1080, 2400) epz=Point(1080, 2400) d=0 taskParent=-1 winMode=1 userId=0},{m=TO_BACK f=IS_WALLPAPER leash=Surface(name=WallpaperWindowToken{533e016}#58)/@0xef2c730 sb=Rect(0, 0 - 1080, 2400) eb=Rect(0, 0 - 1080, 2400) epz=Point(1080, 2400) d=0}]}
03-16 11:08:33.155  1097  1167 V WindowManagerShell:  Checking filter Pair{{types=[] flags=0x0] notFlags=0x0 checks=[{atype=undefined independent=true modes=[CLOSE,TO_BACK] flags=IN_TASK_WITH_EMBEDDED_ACTIVITY mustBeTask=false order=ANY topActivity=null launchCookie=null taskFragmentToken=android.os.BinderProxy@12d076b windowingMode=undefined isCrossDisplayMove=false}]} RemoteTransition { remoteTransition = android.window.IRemoteTransition$Stub$Proxy@30f2c8, appThread = android.app.IApplicationThread$Stub$Proxy@d807f61, debugName = overlayBackTransition }}
03-16 11:08:33.155  1097  1167 V WindowManagerShell:  Checking filter Pair{{types=[] flags=0x0] notFlags=0x0 checks=[{atype=dream independent=true modes=[OPEN,TO_FRONT] flags=NONE mustBeTask=false order=ANY topActivity=null launchCookie=null windowingMode=undefined isCrossDisplayMove=false},{atype=home independent=true modes=[CLOSE,TO_BACK] flags=NONE mustBeTask=false order=ANY topActivity=null launchCookie=null windowingMode=undefined isCrossDisplayMove=false}]} RemoteTransition { remoteTransition = android.window.IRemoteTransition$Stub$Proxy@c8bfa86, appThread = android.app.IApplicationThread$Stub$Proxy@792af47, debugName = LauncherToDream }}
03-16 11:08:33.155  1097  1167 V WindowManagerShell:  Checking filter Pair{{types=[] flags=0x0] notFlags=0x100 checks=[{atype=home independent=true modes=[OPEN,TO_FRONT] flags=NONE mustBeTask=false order=TOP topActivity=ComponentInfo{com.google.android.apps.nexuslauncher/com.google.android.apps.nexuslauncher.NexusLauncherActivity} launchCookie=null windowingMode=undefined isCrossDisplayMove=false},{atype=standard independent=true modes=[CLOSE,TO_BACK] flags=NONE mustBeTask=false order=ANY topActivity=null launchCookie=null windowingMode=undefined isCrossDisplayMove=false},{NOT atype=undefined independent=true modes=[] flags=NONE mustBeTask=true order=ANY topActivity=null launchCookie=null customAnim=true windowingMode=undefined isCrossDisplayMove=false}]} RemoteTransition { remoteTransition = android.window.IRemoteTransition$Stub$Proxy@2c67374, appThread = android.app.IApplicationThread$Stub$Proxy@564b09d, debugName = QuickstepLaunchHome }}
03-16 11:08:33.155  1097  1167 V WindowManagerShell:  Delegate animation for (#63) to null
03-16 11:08:33.156  1097  1167 V WindowManagerShell: start default transition animation, info = {id=63 t=OPEN f=0x0 trk=0 r=[0@Point(0, 0)] c=[{m=OPEN f=NONE leash=Surface(name=Task=20#640)/@0xe2b60e2 sb=Rect(0, 0 - 1080, 2400) eb=Rect(0, 0 - 1080, 2400) epz=Point(1080, 2400) d=0 taskParent=-1 winMode=1 userId=0},{m=TO_BACK f=SHOW_WALLPAPER leash=Surface(name=Task=1#44)/@0xc94c73 sb=Rect(0, 0 - 1080, 2400) eb=Rect(0, 0 - 1080, 2400) epz=Point(1080, 2400) d=0 taskParent=-1 winMode=1 userId=0},{m=TO_BACK f=IS_WALLPAPER leash=Surface(name=WallpaperWindowToken{533e016}#58)/@0xef2c730 sb=Rect(0, 0 - 1080, 2400) eb=Rect(0, 0 - 1080, 2400) epz=Point(1080, 2400) d=0}]}
03-16 11:08:33.160  1097  1167 V WindowManagerShell: loadAnimation: anim=android.view.animation.AnimationSet@cefd6eb animAttr=0x13 type=OPEN isEntrance=false
03-16 11:08:33.162  1097  1167 V WindowManagerShell: loadAnimation: anim=android.view.animation.AnimationSet@172f6c7 animAttr=0x12 type=OPEN isEntrance=true
03-16 11:08:33.163  1097  1167 V WindowManagerShell:  animated by com.android.wm.shell.transition.DefaultTransitionHandler@6f3d62c
03-16 11:08:33.163  1097  1167 V ShellTaskOrganizer: Task appeared taskId=20 listener=FullscreenTaskListener
03-16 11:08:33.163  1097  1167 V ShellTaskOrganizer: Fullscreen Task Appeared: #20
03-16 11:08:33.164  1272  1272 D b/417220811: invalidateLoadedTasks - previous requestLoadId: -1
03-16 11:08:33.219   605  1377 I RanchuHwc: logCompositionFallbackIfChanged: layer 114 CompositionType fallback from 2 to 1
03-16 11:08:33.254 11084 11084 I com.example.af7: Using CollectorTypeCMC GC.
03-16 11:08:33.257 11084 11084 W com.example.af7: Unexpected CPU variant for x86: x86_64.
03-16 11:08:33.257 11084 11084 W com.example.af7: Known variants: atom, sandybridge, silvermont, goldmont, goldmont-plus, goldmont-without-sha-xsaves, tremont, kabylake, alderlake, default
03-16 11:08:33.300   665   695 I adbd    : jdwp connection from 11084
03-16 11:08:33.344 11084 11084 D nativeloader: Load libframework-connectivity-tiramisu-jni.so using APEX ns com_android_tethering for caller /apex/com.android.tethering/javalib/framework-connectivity-t.jar: ok
03-16 11:08:33.443   825  1049 D BackgroundInstallControlService: Package event received: 0
03-16 11:08:33.485  1097  1167 V WindowManagerShell: Transition animation finished (aborted=false), notifying core (#63) android.os.BinderProxy@712bce@0
03-16 11:08:33.490   825   854 V WindowManager: Finish Transition (#63): created at 03-16 11:08:32.892 collect-started=2.113ms request-sent=36.714ms started=56.05ms ready=239.447ms sent=242.227ms commit=50.892ms finished=597.07ms
03-16 11:08:33.492  1097  1167 V WindowManagerShell: Track 0 became idle
03-16 11:08:33.493  1097  1167 V WindowManagerShell: All active transition animations finished
03-16 11:08:33.493  1272  1272 D VRI[NexusLauncherActivity]: visibilityChanged oldVisibility=true newVisibility=false
03-16 11:08:33.496  1097  1357 D WallpaperService: onVisibilityChanged(false): com.android.systemui.wallpapers.ImageWallpaper$CanvasEngine@ac6f9de
03-16 11:08:33.502  1272  1272 D NexusLauncherModelDelegate: notifySmartspaceEvent: SmartspaceTargetEvent{mSmartspaceTarget=null, mSmartspaceActionId='null', mEventType=7}
03-16 11:08:33.507  1097  1167 D Bubbles : onLocusVisibilityChanged=Overview|DISABLED visible=false taskId=1
03-16 11:08:33.762 11084 11084 D nativeloader: Configuring clns-9 for other apk /data/app/~~Y-3RFgMq4vl0egA_8G3oRA==/com.example.af7-INMyjJOPUwcWmr9ZVxXZRw==/base.apk. target_sdk_version=36, uses_libraries=, library_path=/data/app/~~Y-3RFgMq4vl0egA_8G3oRA==/com.example.af7-INMyjJOPUwcWmr9ZVxXZRw==/lib/x86_64:/data/app/~~Y-3RFgMq4vl0egA_8G3oRA==/com.example.af7-INMyjJOPUwcWmr9ZVxXZRw==/base.apk!/lib/x86_64, permitted_path=/data:/mnt/expand:/data/user/0/com.example.af7
03-16 11:08:33.801 11084 11084 V GraphicsEnvironment: Currently set values for:
03-16 11:08:33.801 11084 11084 V GraphicsEnvironment:   angle_gl_driver_selection_pkgs=[]
03-16 11:08:33.801 11084 11084 V GraphicsEnvironment:   angle_gl_driver_selection_values=[]
03-16 11:08:33.801 11084 11084 V GraphicsEnvironment: com.example.af7 is not listed in per-application setting
03-16 11:08:33.802 11084 11084 V GraphicsEnvironment: ANGLE allowlist from config: com.dreamgames.royalmatch com.dts.freefiremax com.dxx.firenow com.gramgames.mergedragons com.ludo.king com.mojang.minecraftpe com.my.defense com.nintendo.zaka com.os.airforce com.playrix.fishdomdd.gplay io.teslatech.callbreak jp.konami.prospia net.peakgames.toonblast
03-16 11:08:33.802 11084 11084 V GraphicsEnvironment: No special selections for ANGLE, returning default driver choice
03-16 11:08:33.803 11084 11084 V GraphicsEnvironment: Neither updatable production driver nor prerelease driver is supported.
03-16 11:08:33.894   825  1049 D BackgroundInstallControlService: Package event received: 0
03-16 11:08:33.894   825  1049 D BackgroundInstallControlService: Package event received: 0
03-16 11:08:33.902 11084 11099 I DisplayManager: Choreographer implicitly registered for the refresh rate.
03-16 11:08:33.975 11084 11084 D DesktopExperienceFlags: Toggle override initialized to: false
03-16 11:08:33.983 11084 11099 I GFXSTREAM: [eglDisplay.cpp(297)] Opening libGLESv1_CM_emulation.so
03-16 11:08:33.984 11084 11099 I GFXSTREAM: [eglDisplay.cpp(297)] Opening libGLESv2_emulation.so
03-16 11:08:34.001 11084 11084 E ashmem  : Pinning is deprecated since Android Q. Please use trim or other methods.
03-16 11:08:34.002 11084 11099 W HWUI    : Failed to choose config with EGL_SWAP_BEHAVIOR_PRESERVED, retrying without...
03-16 11:08:34.002 11084 11099 W HWUI    : Failed to initialize 101010-2 format, error = EGL_SUCCESS
03-16 11:08:34.017 11084 11084 V Activity: No requestable permission in the request.
03-16 11:08:34.040 11084 11084 D CompatChangeReporter: Compat change id reported: 377864165; UID 10222; state: ENABLED
03-16 11:08:34.040 11084 11084 D DesktopModeFlags: Toggle override initialized to: OVERRIDE_UNSET
03-16 11:08:34.073   825   995 I HalDevMgr: bestIfaceCreationProposal is null, requestIface=STA, existingIface=[name=wlan0 type=STA]
03-16 11:08:34.157 11084 11084 W HWUI    : Unknown dataspace 0
03-16 11:08:34.186 11084 11084 D WindowOnBackDispatcher: setTopOnBackInvokedCallback (unwrapped): android.app.Activity$$ExternalSyntheticLambda0@2f60a4b
03-16 11:08:34.186   825  2014 D CoreBackPreview: Window{8babd76 u0 com.example.af7/com.example.af7.MainActivity}: Setting back callback OnBackInvokedCallbackInfo{mCallback=android.window.IOnBackInvokedCallback$Stub$Proxy@8ccc44d, mPriority=-1, mIsAnimationCallback=false, mOverrideBehavior=0}
03-16 11:08:34.445 11084 11089 I com.example.af7: Compiler allocated 5082KB to compile void android.view.ViewRootImpl.performTraversals()
03-16 11:08:34.635 11084 11084 I com.example.af7: hiddenapi: Accessing hidden method Landroid/os/SystemProperties;->addChangeCallback(Ljava/lang/Runnable;)V (runtime_flags=0, domain=platform, api=unsupported) from Landroidx/compose/ui/platform/AndroidComposeView$Companion; (domain=app, TargetSdkVersion=36) using reflection: allowed
03-16 11:08:34.784 11084 11084 D VRI[MainActivity]: WindowInsets changed: 1080x2400 statusBars:[0,63,0,0] navigationBars:[0,0,0,63] mandatorySystemGestures:[0,63,0,84] 
03-16 11:08:34.938 11084 11084 I HWUI    : Using FreeType backend (prop=Auto)
03-16 11:08:34.989 11084 11084 D AndroidRuntime: Shutting down VM
--------- beginning of crash
03-16 11:08:34.995 11084 11084 E AndroidRuntime: FATAL EXCEPTION: main
03-16 11:08:34.995 11084 11084 E AndroidRuntime: Process: com.example.af7, PID: 11084
03-16 11:08:34.995 11084 11084 E AndroidRuntime: java.lang.ClassCastException: android.app.Application cannot be cast to com.example.af7.MainApplication
03-16 11:08:34.995 11084 11084 E AndroidRuntime: 	at com.example.af7.MainActivity.viewModel_delegate$lambda$0(MainActivity.kt:37)
03-16 11:08:34.995 11084 11084 E AndroidRuntime: 	at com.example.af7.MainActivity.$r8$lambda$G_aRjBA1nX3W_tmMV2bpTrDmJcw(Unknown Source:0)
03-16 11:08:34.995 11084 11084 E AndroidRuntime: 	at com.example.af7.MainActivity$$ExternalSyntheticLambda0.invoke(D8$$SyntheticClass:0)
03-16 11:08:34.995 11084 11084 E AndroidRuntime: 	at androidx.lifecycle.ViewModelLazy.getValue(ViewModelLazy.kt:50)
03-16 11:08:34.995 11084 11084 E AndroidRuntime: 	at androidx.lifecycle.ViewModelLazy.getValue(ViewModelLazy.kt:35)
03-16 11:08:34.995 11084 11084 E AndroidRuntime: 	at com.example.af7.MainActivity.getViewModel(MainActivity.kt:36)
03-16 11:08:34.995 11084 11084 E AndroidRuntime: 	at com.example.af7.MainActivity.access$getViewModel(MainActivity.kt:34)
03-16 11:08:34.995 11084 11084 E AndroidRuntime: 	at com.example.af7.MainActivity$onCreate$1$1$2.invoke(MainActivity.kt:107)
03-16 11:08:34.995 11084 11084 E AndroidRuntime: 	at com.example.af7.MainActivity$onCreate$1$1$2.invoke(MainActivity.kt:104)
03-16 11:08:34.995 11084 11084 E AndroidRuntime: 	at androidx.compose.runtime.internal.ComposableLambdaImpl.invoke(ComposableLambda.kt:130)
03-16 11:08:34.995 11084 11084 E AndroidRuntime: 	at androidx.compose.runtime.internal.ComposableLambdaImpl.invoke(ComposableLambda.kt:51)
03-16 11:08:34.995 11084 11084 E AndroidRuntime: 	at androidx.compose.material3.ScaffoldKt$ScaffoldLayout$1$1$bodyContentPlaceables$1.invoke(Scaffold.kt:261)
03-16 11:08:34.995 11084 11084 E AndroidRuntime: 	at androidx.compose.material3.ScaffoldKt$ScaffoldLayout$1$1$bodyContentPlaceables$1.invoke(Scaffold.kt:238)
03-16 11:08:34.995 11084 11084 E AndroidRuntime: 	at androidx.compose.runtime.internal.ComposableLambdaImpl.invoke(ComposableLambda.kt:121)
03-16 11:08:34.995 11084 11084 E AndroidRuntime: 	at androidx.compose.runtime.internal.ComposableLambdaImpl.invoke(ComposableLambda.kt:51)
03-16 11:08:34.995 11084 11084 E AndroidRuntime: 	at androidx.compose.runtime.internal.Expect_jvmKt.invokeComposable(Expect.jvm.kt:24)
03-16 11:08:34.995 11084 11084 E AndroidRuntime: 	at androidx.compose.runtime.ComposerImpl.doCompose-aFTiNEg(Composer.kt:3843)
03-16 11:08:34.995 11084 11084 E AndroidRuntime: 	at androidx.compose.runtime.ComposerImpl.composeContent--ZbOJvo$runtime(Composer.kt:3747)
03-16 11:08:34.995 11084 11084 E AndroidRuntime: 	at androidx.compose.runtime.CompositionImpl.composeContent(Composition.kt:832)
03-16 11:08:34.995 11084 11084 E AndroidRuntime: 	at androidx.compose.runtime.Recomposer.composeInitial$runtime(Recomposer.kt:1233)
03-16 11:08:34.995 11084 11084 E AndroidRuntime: 	at androidx.compose.runtime.ComposerImpl$CompositionContextImpl.composeInitial$runtime(Composer.kt:4186)
03-16 11:08:34.995 11084 11084 E AndroidRuntime: 	at androidx.compose.runtime.CompositionImpl.composeInitial(Composition.kt:672)
03-16 11:08:34.995 11084 11084 E AndroidRuntime: 	at androidx.compose.runtime.CompositionImpl.setContent(Composition.kt:639)
03-16 11:08:34.995 11084 11084 E AndroidRuntime: 	at androidx.compose.ui.layout.LayoutNodeSubcompositionsState.subcompose(SubcomposeLayout.kt:698)
03-16 11:08:34.995 11084 11084 E AndroidRuntime: 	at androidx.compose.ui.layout.LayoutNodeSubcompositionsState.subcompose(SubcomposeLayout.kt:641)
03-16 11:08:34.995 11084 11084 E AndroidRuntime: 	at androidx.compose.ui.layout.LayoutNodeSubcompositionsState.subcompose(SubcomposeLayout.kt:607)
03-16 11:08:34.995 11084 11084 E AndroidRuntime: 	at androidx.compose.ui.layout.LayoutNodeSubcompositionsState$Scope.subcompose(SubcomposeLayout.kt:1231)
03-16 11:08:34.995 11084 11084 E AndroidRuntime: 	at androidx.compose.material3.ScaffoldKt$ScaffoldLayout$1$1.invoke-0kLqBqw(Scaffold.kt:238)
03-16 11:08:34.995 11084 11084 E AndroidRuntime: 	at androidx.compose.material3.ScaffoldKt$ScaffoldLayout$1$1.invoke(Scaffold.kt:140)
03-16 11:08:34.995 11084 11084 E AndroidRuntime: 	at androidx.compose.ui.layout.LayoutNodeSubcompositionsState$createMeasurePolicy$1.measure-3p2s80s(SubcomposeLayout.kt:914)
03-16 11:08:34.995 11084 11084 E AndroidRuntime: 	at androidx.compose.ui.node.InnerNodeCoordinator.measure-BRTryo0(InnerNodeCoordinator.kt:128)
03-16 11:08:34.995 11084 11084 E AndroidRuntime: 	at androidx.compose.ui.node.MeasurePassDelegate$performMeasureBlock$1.invoke(MeasurePassDelegate.kt:173)
03-16 11:08:34.995 11084 11084 E AndroidRuntime: 	at androidx.compose.ui.node.MeasurePassDelegate$performMeasureBlock$1.invoke(MeasurePassDelegate.kt:172)
03-16 11:08:34.995 11084 11084 E AndroidRuntime: 	at androidx.compose.runtime.snapshots.Snapshot$Companion.observe(Snapshot.kt:502)
03-16 11:08:34.995 11084 11084 E AndroidRuntime: 	at androidx.compose.runtime.snapshots.SnapshotStateObserver$ObservedScopeMap.observe(SnapshotStateObserver.kt:464)
03-16 11:08:34.995 11084 11084 E AndroidRuntime: 	at androidx.compose.runtime.snapshots.SnapshotStateObserver.observeReads(SnapshotStateObserver.kt:248)
03-16 11:08:34.995 11084 11084 E AndroidRuntime: 	at androidx.compose.ui.node.OwnerSnapshotObserver.observeReads$ui_release(OwnerSnapshotObserver.kt:124)
03-16 11:08:34.995 11084 11084 E AndroidRuntime: 	at androidx.compose.ui.node.OwnerSnapshotObserver.observeMeasureSnapshotReads$ui_release(OwnerSnapshotObserver.kt:107)
03-16 11:08:34.995 11084 11084 E AndroidRuntime: 	at androidx.compose.ui.node.MeasurePassDelegate.performMeasure-BRTryo0$ui_release(MeasurePassDelegate.kt:426)
03-16 11:08:34.995 11084 11084 E AndroidRuntime: 	at androidx.compose.ui.node.MeasurePassDelegate.remeasure-BRTryo0(MeasurePassDelegate.kt:477)
03-16 11:08:34.995 11084 11084 E AndroidRuntime: 	at androidx.compose.ui.node.MeasurePassDelegate.measure-BRTryo0(MeasurePassDelegate.kt:454)
03-16 11:08:34.995 11084 11084 E AndroidRuntime: 	at androidx.compose.foundation.layout.BoxMeasurePolicy.measure-3p2s80s(Box.kt:145)
03-16 11:08:34.995 11084 11084 E AndroidRuntime: 	at androidx.compose.ui.node.InnerNodeCoordinator.measure-BRTryo0(InnerNodeCoordinator.kt:128)
03-16 11:08:34.995 11084 11084 E AndroidRuntime: 	at androidx.compose.ui.graphics.SimpleGraphicsLayerModifier.measure-3p2s80s(GraphicsLayerModifier.kt:794)
03-16 11:08:34.995 11084 11084 E AndroidRuntime: 	at androidx.compose.ui.node.LayoutModifierNodeCoordinator.measure-BRTryo0(LayoutModifierNodeCoordinator.kt:190)
03-16 11:08:34.995 11084 11084 E AndroidRuntime: 	at androidx.compose.foundation.layout.FillNode.measure-3p2s80s(Size.kt:721)
03-16 11:08:34.995 11084 11084 E AndroidRuntime: 	at androidx.compose.ui.node.LayoutModifierNodeCoordinator.measure-BRTryo0(LayoutModifierNodeCoordinator.kt:190)
03-16 11:08:34.995 11084 11084 E AndroidRuntime: 	at androidx.compose.ui.node.MeasurePassDelegate$performMeasureBlock$1.invoke(MeasurePassDelegate.kt:173)
03-16 11:08:34.995 11084 11084 E AndroidRuntime: 	at androidx.compose.ui.node.MeasurePassDelegate$performMeasureBlock$1.invoke(MeasurePassDelegate.kt:172)
03-16 11:08:34.995 11084 11084 E AndroidRuntime: 	at androidx.compose.runtime.snapshots.Snapshot$Companion.observe(Snapshot.kt:502)
03-16 11:08:34.995 11084 11084 E AndroidRuntime: 	at androidx.compose.runtime.snapshots.SnapshotStateObserver$ObservedScopeMap.observe(SnapshotStateObserver.kt:464)
03-16 11:08:34.995 11084 11084 E AndroidRuntime: 	at androidx.compose.runtime.snapshots.SnapshotStateObserver.observeReads(SnapshotStateObserver.kt:248)
03-16 11:08:34.995 11084 11084 E AndroidRuntime: 	at androidx.compose.ui.node.OwnerSnapshotObserver.observeReads$ui_release(OwnerSnapshotObserver.kt:124)
03-16 11:08:34.995 11084 11084 E AndroidRuntime: 	at androidx.compose.ui.node.OwnerSnapshotObserver.observeMeasureSnapshotReads$ui_release(OwnerSnapshotObserver.kt:107)
03-16 11:08:34.995 11084 11084 E AndroidRuntime: 	at androidx.compose.ui.node.MeasurePassDelegate.performMeasure-BRTryo0$ui_release(MeasurePassDelegate.kt:426)
03-16 11:08:34.995 11084 11084 E AndroidRuntime: 	at androidx.compose.ui.node.MeasurePassDelegate.remeasure-BRTryo0(MeasurePassDelegate.kt:477)
03-16 11:08:34.995 11084 11084 E AndroidRuntime: 	at androidx.compose.ui.node.MeasurePassDelegate.measure-BRTryo0(MeasurePassDelegate.kt:454)
03-16 11:08:34.995 11084 11084 E AndroidRuntime: 	at androidx.compose.ui.layout.RootMeasurePolicy.measure-3p2s80s(RootMeasurePolicy.kt:37)
03-16 11:08:34.995 11084 11084 E AndroidRuntime: 	at androidx.compose.ui.node.InnerNodeCoordinator.measure-BRTryo0(InnerNodeCoordinator.kt:128)
03-16 11:08:34.995 11084 11084 E AndroidRuntime: 	at androidx.compose.ui.layout.RulerProviderModifierNode.measure-3p2s80s(WindowInsetsRulers.android.kt:210)
03-16 11:08:34.995 11084 11084 E AndroidRuntime: 	at androidx.compose.ui.node.LayoutModifierNodeCoordinator.measure-BRTryo0(LayoutModifierNodeCoordinator.kt:190)
03-16 11:08:34.995 11084 11084 E AndroidRuntime: 	at androidx.compose.ui.node.MeasurePassDelegate$performMeasureBlock$1.invoke(MeasurePassDelegate.kt:173)
03-16 11:08:34.995 11084 11084 E AndroidRuntime: 	at androidx.compose.ui.node.MeasurePassDelegate$performMeasureBlock$1.invoke(MeasurePassDelegate.kt:172)
03-16 11:08:34.995 11084 11084 E AndroidRuntime: 	at androidx.compose.runtime.snapshots.Snapshot$Companion.observe(Snapshot.kt:2495)
03-16 11:08:34.995 11084 11084 E AndroidRuntime: 	at androidx.compose.runtime.snapshots.SnapshotStateObserver$ObservedScopeMap.observe(SnapshotStateObserver.kt:464)
03-16 11:08:34.995 11084 11084 E AndroidRuntime: 	at androidx.compose.runtime.snapshots.SnapshotStateObserver.observeReads(SnapshotStateObserver.kt:248)
03-16 11:08:34.995 11084 11084 E AndroidRuntime: 	at androidx.compose.ui.node.OwnerSnapshotObserver.observeReads$ui_release(OwnerSnapshotObserver.kt:124)
03-16 11:08:34.995 11084 11084 E AndroidRuntime: 	at androidx.compose.ui.node.OwnerSnapshotObserver.observeMeasureSnapshotReads$ui_release(OwnerSnapshotObserver.kt:107)
03-16 11:08:34.995 11084 11084 E AndroidRuntime: 	at androidx.compose.ui.node.MeasurePassDelegate.performMeasure-BRTryo0$ui_release(MeasurePassDelegate.kt:426)
03-16 11:08:34.995 11084 11084 E AndroidRuntime: 	at androidx.compose.ui.node.MeasurePassDelegate.remeasure-BRTryo0(MeasurePassDelegate.kt:477)
03-16 11:08:34.995 11084 11084 E AndroidRuntime: 	at androidx.compose.ui.node.LayoutNode.remeasure-_Sx5XlM$ui_release(LayoutNode.kt:1283)
03-16 11:08:34.995 11084 11084 E AndroidRuntime: 	at androidx.compose.ui.node.MeasureAndLayoutDelegate.doRemeasure-sdFAvZA(MeasureAndLayoutDelegate.kt:378)
03-16 11:08:34.995 11084 11084 E AndroidRuntime: 	at androidx.compose.ui.node.MeasureAndLayoutDelegate.remeasureOnly(MeasureAndLayoutDelegate.kt:658)
03-16 11:08:34.995 11084 11084 E AndroidRuntime: 	at androidx.compose.ui.node.MeasureAndLayoutDelegate.measureOnly(MeasureAndLayoutDelegate.kt:446)
03-16 11:08:34.995 11084 11084 E AndroidRuntime: 	at androidx.compose.ui.platform.AndroidComposeView.onMeasure(AndroidComposeView.android.kt:1671)
03-16 11:08:34.995 11084 11084 E AndroidRuntime: 	at android.view.View.measure(View.java:28595)
03-16 11:08:34.995 11084 11084 E AndroidRuntime: 	at androidx.compose.ui.platform.AbstractComposeView.internalOnMeasure$ui_release(ComposeView.android.kt:299)
03-16 11:08:34.995 11084 11084 E AndroidRuntime: 	at androidx.compose.ui.platform.AbstractComposeView.onMeasure(ComposeView.android.kt:286)
03-16 11:08:34.995 11084 11084 E AndroidRuntime: 	at android.view.View.measure(View.java:28595)
03-16 11:08:34.995 11084 11084 E AndroidRuntime: 	at android.view.ViewGroup.measureChildWithMargins(ViewGroup.java:7031)
03-16 11:08:34.995 11084 11084 E AndroidRuntime: 	at android.widget.FrameLayout.onMeasure(FrameLayout.java:194)
03-16 11:08:34.995 11084 11084 E AndroidRuntime: 	at android.view.View.measure(View.java:28595)
03-16 11:08:34.995 11084 11084 E AndroidRuntime: 	at android.view.ViewGroup.measureChildWithMargins(ViewGroup.java:7031)
03-16 11:08:34.995 11084 11084 E AndroidRuntime: 	at android.widget.LinearLayout.measureChildBeforeLayout(LinearLayout.java:1608)
03-16 11:08:34.995 11084 11084 E AndroidRuntime: 	at android.widget.LinearLayout.measureVertical(LinearLayout.java:878)
03-16 11:08:34.995 11084 11084 E AndroidRuntime: 	at android.widget.LinearLayout.onMeasure(LinearLayout.java:721)
03-16 11:08:34.995 11084 11084 E AndroidRuntime: 	at android.view.View.measure(View.java:28595)
03-16 11:08:34.995 11084 11084 E AndroidRuntime: 	at android.view.ViewGroup.measureChildWithMargins(ViewGroup.java:7031)
03-16 11:08:34.995 11084 11084 E AndroidRuntime: 	at android.widget.FrameLayout.onMeasure(FrameLayout.java:194)
03-16 11:08:34.995 11084 11084 E AndroidRuntime: 	at com.android.internal.policy.DecorView.onMeasure(DecorView.java:758)
03-16 11:08:34.995 11084 11084 E AndroidRuntime: 	at android.view.View.measure(View.java:28595)
03-16 11:08:34.995 11084 11084 E AndroidRuntime: 	at android.view.ViewRootImpl.performMeasure(ViewRootImpl.java:5088)
03-16 11:08:34.995 11084 11084 E AndroidRuntime: 	at android.view.ViewRootImpl.measureHierarchy(ViewRootImpl.java:3436)
03-16 11:08:34.995 11084 11084 E AndroidRuntime: 	at android.view.ViewRootImpl.performTraversals(ViewRootImpl.java:3749)
03-16 11:08:34.995 11084 11084 E AndroidRuntime: 	at android.view.ViewRootImpl.doTraversal(ViewRootImpl.java:3127)
03-16 11:08:34.995 11084 11084 E AndroidRuntime: 	at android.view.ViewRootImpl$TraversalRunnable.run(ViewRootImpl.java:10807)
03-16 11:08:34.995 11084 11084 E AndroidRuntime: 	at android.view.Choreographer$CallbackRecord.run(Choreographer.java:1630)
03-16 11:08:34.995 11084 11084 E AndroidRuntime: 	at android.view.Choreographer$CallbackRecord.run(Choreographer.java:1639)
03-16 11:08:34.995 11084 11084 E AndroidRuntime: 	at android.view.Choreographer.doCallbacks(Choreographer.java:1235)
03-16 11:08:34.995 11084 11084 E AndroidRuntime: 	at android.view.Choreographer.doFrame(Choreographer.java:1164)
03-16 11:08:34.995 11084 11084 E AndroidRuntime: 	at android.view.Choreographer$FrameDisplayEventReceiver.run(Choreographer.java:1613)
03-16 11:08:34.995 11084 11084 E AndroidRuntime: 	at android.os.Handler.handleCallback(Handler.java:1070)
03-16 11:08:34.995 11084 11084 E AndroidRuntime: 	at android.os.Handler.dispatchMessage(Handler.java:125)
03-16 11:08:34.995 11084 11084 E AndroidRuntime: 	at android.os.Looper.dispatchMessage(Looper.java:333)
03-16 11:08:34.995 11084 11084 E AndroidRuntime: 	at android.os.Looper.loopOnce(Looper.java:263)
03-16 11:08:34.995 11084 11084 E AndroidRuntime: 	at android.os.Looper.loop(Looper.java:367)
03-16 11:08:34.995 11084 11084 E AndroidRuntime: 	at android.app.ActivityThread.main(ActivityThread.java:9282)
03-16 11:08:34.995 11084 11084 E AndroidRuntime: 	at java.lang.reflect.Method.invoke(Native Method)
03-16 11:08:34.995 11084 11084 E AndroidRuntime: 	at com.android.internal.os.RuntimeInit$MethodAndArgsCaller.run(RuntimeInit.java:566)
03-16 11:08:34.995 11084 11084 E AndroidRuntime: 	at com.android.internal.os.ZygoteInit.main(ZygoteInit.java:929)
03-16 11:08:35.007   825 11105 I DropBoxManagerService: add tag=data_app_crash isTagEnabled=true flags=0x2
03-16 11:08:35.020   825  2014 W ActivityTaskManager:   Force finishing activity com.example.af7/.MainActivity
03-16 11:08:35.020   825  2014 W TransitionChain: Combining AR.finish-force-crash into #64(CLOSE|R|0x10) from finishTopCrash
03-16 11:08:35.021  1097  1167 V WindowManagerShell: Transition requested (#64): android.os.BinderProxy@9b1c692 TransitionRequestInfo { type = CLOSE, triggerTask = TaskInfo{userId=0 taskId=20 effectiveUid=10222 displayId=0 isRunning=true baseIntent=Intent { flg=0x10000000 cmp=com.example.af7/.MainActivity } baseActivity=ComponentInfo{com.example.af7/com.example.af7.MainActivity} topActivity=ComponentInfo{com.example.af7/com.example.af7.MainActivity} origActivity=null realActivity=ComponentInfo{com.example.af7/com.example.af7.MainActivity} numActivities=1 lastActiveTime=5395765 supportsMultiWindow=true resizeMode=1 isResizeable=true minWidth=-1 minHeight=-1 defaultMinSize=220 token=WCT{android.os.BinderProxy@adc9aef} topActivityType=1 pictureInPictureParams=null shouldDockBigOverlays=false launchIntoPipHostTaskId=-1 lastParentTaskIdBeforePip=-1 displayCutoutSafeInsets=Rect(0, 0 - 0, 0) topActivityInfo=ActivityInfo{21e3863 com.example.af7.MainActivity} launchCookies=[] positionInParent=Point(0, 0) parentTaskId=-1 isFocused=true isVisible=true isVisibleRequested=true isTopActivityNoDisplay=false isSleeping=false locusId=null displayAreaFeatureId=1 isTopActivityTransparent=false isActivityStackTransparent=false lastNonFullscreenBounds=null capturedLink=null capturedLinkTimestamp=0 requestedVisibleTypes=503 topActivityRequestOpenInBrowserEducationTimestamp=0 appCompatTaskInfo=AppCompatTaskInfo { topActivityInSizeCompat=false isLeafTask= true eligibleForLetterboxEducation= false isLetterboxEducationEnabled= true isLetterboxDoubleTapEnabled= false eligibleForUserAspectRatioButton= false topActivityBoundsLetterboxed= false isFromLetterboxDoubleTap= false topActivityLetterboxVerticalPosition= -1 topActivityLetterboxHorizontalPosition= -1 topActivityLetterboxWidth=-1 topActivityLetterboxHeight=-1 topActivityAppBounds=Rect(0, 0 - 1080, 2400) isUserFullscreenOverrideEnabled=false isSystemFullscreenOverrideEnabled=false hasMinAspectRatioOverride=false topActivityLetterboxBounds=null cameraCompatTaskInfo=CameraCompatTaskInfo { cameraCompatMode=inactive0} topNonResizableActivityAspectRatio=-1.0} topActivityMainWindowFrame=null isAppBubble=false}, pipChange = null, remoteTransition = null, displayChange = null, requestedLocation = null, userChange = null, windowingLayerChange = null, flags = 16, debugId = 64 }
03-16 11:08:35.022   657   817 I libbinder.BpBinder: onLastStrongRef automatically unlinking death recipients for descriptor: '(not cached)'
03-16 11:08:35.024  1272  1272 D VRI[NexusLauncherActivity]: visibilityChanged oldVisibility=false newVisibility=true
03-16 11:08:35.024   825  2014 V WindowManager: Defer transition id=64 for TaskFragmentTransaction=android.os.Binder@12c366f
03-16 11:08:35.026   825  2014 V WindowManager: deferTransitionReady deferReadyDepth=1 stack=com.android.server.wm.TransitionController.deferTransitionReady:1061 com.android.server.wm.TaskFragmentOrganizerController$TaskFragmentOrganizerState.dispatchTransaction:517 com.android.server.wm.TaskFragmentOrganizerController.dispatchPendingEvents:1259 com.android.server.wm.TaskFragmentOrganizerController.dispatchPendingEvents:1228 com.android.server.wm.RootWindowContainer.performSurfacePlacement:777 
03-16 11:08:35.027 11084 11084 I Process : Sending signal. PID: 11084 SIG: 9
03-16 11:08:35.035  1272  1272 D NexusLauncherModelDelegate: notifySmartspaceEvent: SmartspaceTargetEvent{mSmartspaceTarget=null, mSmartspaceActionId='null', mEventType=6}
03-16 11:08:35.041   825  2064 I WindowManager: WIN DEATH: Window{8babd76 u0 com.example.af7/com.example.af7.MainActivity}
03-16 11:08:35.042   825  2014 I ActivityManager: Process com.example.af7 (pid 11084) has died: fg  TOP 
03-16 11:08:35.043   581   581 I Zygote  : Process 11084 exited due to signal 9 (Killed)
03-16 11:08:35.043   665   665 I adbd    : Remote process closed the socket (on MSG_PEEK)
03-16 11:08:35.043   825   868 I libprocessgroup: Removed cgroup /sys/fs/cgroup/apps/uid_10222/pid_11084
03-16 11:08:35.056   825  2014 W TransitionChain: Combining appDied into #64(CLOSE|R|0x10) from finishTopCrash
03-16 11:08:35.057  1097  1357 D WallpaperService: onVisibilityChanged(true): com.android.systemui.wallpapers.ImageWallpaper$CanvasEngine@ac6f9de
03-16 11:08:35.060   825   857 W ActivityManager: setHasOverlayUi called on unknown pid: 11084
03-16 11:08:35.063   825  1001 D InetDiagMessage: Destroyed 0 sockets, proto=IPPROTO_TCP, family=AF_INET, states=14
03-16 11:08:35.063   825  1049 D BackgroundInstallControlService: Package event received: 0
03-16 11:08:35.064   825  1001 D InetDiagMessage: Destroyed 0 sockets, proto=IPPROTO_TCP, family=AF_INET6, states=14
03-16 11:08:35.064   825  1001 D InetDiagMessage: Destroyed live tcp sockets for uids={10222} in 3ms
03-16 11:08:35.065   825  1001 D InetDiagMessage: Destroyed 0 sockets, proto=IPPROTO_TCP, family=AF_INET, states=14
03-16 11:08:35.065   825  1049 D BackgroundInstallControlService: Package event received: 0
03-16 11:08:35.065   825  1049 D BackgroundInstallControlService: Package event received: 0
03-16 11:08:35.065   825  1001 D InetDiagMessage: Destroyed 0 sockets, proto=IPPROTO_TCP, family=AF_INET6, states=14
03-16 11:08:35.065   825  1001 D InetDiagMessage: Destroyed live tcp sockets for uids={20222} in 1ms
03-16 11:08:35.205  1272  1272 D b/417220811: invalidateLoadedTasks - previous requestLoadId: -1
03-16 11:08:35.205  1272  1272 D BaseActivity: Launcher flags updated: [state_started|state_resumed|state_user_active] +[state_resumed|state_user_active]
03-16 11:08:35.207  1097  1167 D WindowManagerShell: setLauncherKeepClearAreaHeight: visible=true, height=495
03-16 11:08:35.207   825  2064 V WindowManager: Continue transition id=64 for TaskFragmentTransaction=android.os.Binder@12c366f
03-16 11:08:35.207   825  2064 V WindowManager: continueTransitionReady deferReadyDepth=0 stack=com.android.server.wm.TransitionController.continueTransitionReady:1071 com.android.server.wm.TaskFragmentOrganizerController$TaskFragmentOrganizerState.onTransactionFinished:546 com.android.server.wm.TaskFragmentOrganizerController.onTransactionHandled:740 android.window.ITaskFragmentOrganizerController$Stub.onTransact:225 android.os.Binder.execTransactInternal:1473 
03-16 11:08:35.208  1272  1272 D BaseActivity: Launcher flags updated: [state_started|state_resumed|state_deferred_resumed|state_user_active] +[state_deferred_resumed]
03-16 11:08:35.208  1272  1272 D StatsLog: LAUNCHER_ONRESUME
03-16 11:08:35.210  1097  2098 V WindowManagerShell: onTransitionReady(transaction=3543348025119)
03-16 11:08:35.211  1097  1167 V WindowManagerShell: onTransitionReady (#64) android.os.BinderProxy@9b1c692: {id=64 t=CLOSE f=0x10 trk=0 r=[0@Point(0, 0)] c=[
03-16 11:08:35.211  1097  1167 V WindowManagerShell:         {m=TO_FRONT f=SHOW_WALLPAPER|MOVE_TO_TOP leash=Surface(name=Task=1#44)/@0xb9e5c60 sb=Rect(0, 0 - 1080, 2400) eb=Rect(0, 0 - 1080, 2400) epz=Point(1080, 2400) d=0 taskParent=-1 winMode=1 userId=0},
03-16 11:08:35.211  1097  1167 V WindowManagerShell:         {m=CLOSE f=NONE leash=Surface(name=Task=20#640)/@0x4d2c519 sb=Rect(0, 0 - 1080, 2400) eb=Rect(0, 0 - 1080, 2400) epz=Point(1080, 2400) d=0 taskParent=-1 winMode=1 userId=0},
03-16 11:08:35.211  1097  1167 V WindowManagerShell:         {m=TO_FRONT f=IS_WALLPAPER leash=Surface(name=WallpaperWindowToken{533e016}#58)/@0x21b9de sb=Rect(0, 0 - 1080, 2400) eb=Rect(0, 0 - 1080, 2400) epz=Point(1080, 2400) d=0}
03-16 11:08:35.211  1097  1167 V WindowManagerShell:     ]}
03-16 11:08:35.211  1097  1167 V WindowManagerShell: Playing animation for (#64) android.os.BinderProxy@9b1c692@0
03-16 11:08:35.212  1097  1167 V ShellRecents: RecentsTransitionHandler.startAnimation: no controller found
03-16 11:08:35.212  1097  1167 V WindowManagerShell: Transition doesn't have explicit remote, search filters for match for {id=64 t=CLOSE f=0x10 trk=0 r=[0@Point(0, 0)] c=[{m=TO_FRONT f=SHOW_WALLPAPER|MOVE_TO_TOP leash=Surface(name=Task=1#44)/@0xb9e5c60 sb=Rect(0, 0 - 1080, 2400) eb=Rect(0, 0 - 1080, 2400) epz=Point(1080, 2400) d=0 taskParent=-1 winMode=1 userId=0},{m=CLOSE f=NONE leash=Surface(name=Task=20#640)/@0x4d2c519 sb=Rect(0, 0 - 1080, 2400) eb=Rect(0, 0 - 1080, 2400) epz=Point(1080, 2400) d=0 taskParent=-1 winMode=1 userId=0},{m=TO_FRONT f=IS_WALLPAPER leash=Surface(name=WallpaperWindowToken{533e016}#58)/@0x21b9de sb=Rect(0, 0 - 1080, 2400) eb=Rect(0, 0 - 1080, 2400) epz=Point(1080, 2400) d=0}]}
03-16 11:08:35.212  1272  1324 D QuickstepModelDelegate: notifyAppTargetEvent action=1 launchLocation=
03-16 11:08:35.212  1097  1167 V WindowManagerShell:  Checking filter Pair{{types=[] flags=0x0] notFlags=0x0 checks=[{atype=undefined independent=true modes=[CLOSE,TO_BACK] flags=IN_TASK_WITH_EMBEDDED_ACTIVITY mustBeTask=false order=ANY topActivity=null launchCookie=null taskFragmentToken=android.os.BinderProxy@12d076b windowingMode=undefined isCrossDisplayMove=false}]} RemoteTransition { remoteTransition = android.window.IRemoteTransition$Stub$Proxy@30f2c8, appThread = android.app.IApplicationThread$Stub$Proxy@d807f61, debugName = overlayBackTransition }}
